// Jest Snapshot v1, https://goo.gl/fbAQLP

exports[`extract all properties from .properties files 1`] = `
"Header.Title = Hello World
Header.Subtitle = How are you doing?

Footer.Greeting = All rights reserved.

"
`;

exports[`remove new lines at the end of each file when the option is set 1`] = `
"Header.Title = Hello World
Header.Subtitle = How are you doing?
Footer.Greeting = All rights reserved.
"
`;

exports[`works alongside mini-css-webpack-plugin 1`] = `
".header {
    color: blue;
}
.footer {
    color: red;
}
"
`;

exports[`works alongside mini-css-webpack-plugin 2`] = `
"Header.Title = Hello World
Header.Subtitle = How are you doing?

Footer.Greeting = All rights reserved.

"
`;
